// Vitest Snapshot v1, https://vitest.dev/guide/snapshot.html

exports[`2012p1q7 1`] = `
{
  "parts": [
    {
      "body": "<p><a href="#soln-1">Show</a>.</p>
",
    },
    {
      "body": "<p><a href="#soln-2">Sketch</a>.</p>
",
    },
    {
      "body": "<p>Line of symmetry: <math><mrow><mi>y</mi><mo>=</mo><mi>x</mi><mi>.</mi></mrow></math></p>
<p>Translate the curve <math><mrow><mi>y</mi><mo>=</mo><mfrac><mn>1</mn><mi>x</mi></mfrac></mrow></math>
by <math><mn>1</mn></math>
unit in the positive <math><mrow><mi>x</mi><mtext>-axis</mtext></mrow></math>
direction.
<br>
Scale the resulting curve by a factor of <math><mrow><mn>1</mn><mo>+</mo></mrow><mrow><mi>k</mi></mrow></math>
parallel to the <math><mrow><mi>y</mi><mtext>-axis</mtext><mi>.</mi></mrow></math>
<br>
Translate the resulting curve by <math><mn>1</mn></math>
unit in the positive <math><mrow><mi>y</mi><mtext>-axis</mtext></mrow></math>
direction.</p>
",
    },
  ],
}
`;
