// Vitest Snapshot v1, https://vitest.dev/guide/snapshot.html

exports[`2007p1q2 qn 1`] = `
Question {
  "question": {
    "body": "Functions $\` f \`
and $\` g \`
are defined by
$$\` \\begin{align*}
&f: x \\mapsto \\frac{1}{x - 3}  \\quad && \\text{for } x \\in \\mathbb{R}, x \\neq 3, \\\\
&g: x \\mapsto x^2  \\quad && \\text{for } x \\in \\mathbb{R}.
\\end{align*} \`",
    "parts": [
      {
        "body": "Only one of the
composite functions $\` fg \`
and $\` gf \`
exists. Give a definition (including the domain)
of the composite that exists, and explain why
the other composite does not exist.",
        "marks": 3,
      },
      {
        "body": "Find $\` f^{-1}(x) \`
and state the domain of $\` f^{-1}. \`",
        "marks": 3,
      },
    ],
  },
}
`;
