// Vitest Snapshot v1, https://vitest.dev/guide/snapshot.html

exports[`2021p2q3 1`] = `
Answer {
  "answer": {
    "parts": [
      {
        "parts": [
          {
            "body": "$\`  gh\\left(2\\right) = \\frac{1}{4}. \`",
          },
          {
            "body": "$\`  x = \\frac{2}{5}. \`",
          },
        ],
      },
      {
        "parts": [
          {
            "body": "$\`  k = - \\frac{b}{2}. \`
\\
It must be excluded as $\` f \`
is not defined when $\`  {x = - \\frac{b}{2}.} \`",
          },
          {
            "body": "$\`  b = -1. \`
\\
$\`  a \\in \\mathbb{R}, a \\neq - \\frac{1}{2}. \`",
          },
          {
            "body": "$\`  f^{-1}(-4) = \\frac{4 - a}{9}. \`",
          },
        ],
      },
    ],
  },
  "solution": {
    "parts": [
      {
        "parts": [
          {
            "body": "$$\` \\begin{align*} & gh\\left(2\\right)
	\\\\ &= g\\left(\\frac{1}{2}\\left( 2^2 \\right) + 3\\right)
	\\\\ &= g\\left(5\\right)
	\\\\ &= \\frac{5 + 1}{5\\left( 5 \\right) - 1}
	\\\\ &= \\frac{1}{4} \\; \\QED
\\end{align*} \`",
          },
          {
            "body": "$$\` \\begin{gather*} g(x) = 1.4 \\\\ \\frac{x + 1}{5x - 1} = \\frac{7}{5}
	\\\\ 5\\left( x + 1 \\right) = 7\\left( 5x - 1 \\right)
	\\\\ 5x + 5 = 35x - 7
	\\\\ - 30x = - 12
	\\\\ x = \\frac{2}{5} \\; \\QED
\\end{gather*} \`",
          },
        ],
      },
      {
        "parts": [
          {
            "body": "Note that division by zero is undefined
$$\` \\begin{gather*}2x + b = 0
	\\\\ 2x = - b
	\\\\ x = - \\frac{b}{2}
\\end{gather*} \`

Hence $\` k=- \\frac{b}{2} \`
and it must be excluded from the domain of $\` f \`
since $\` f \`
is not defined when $\`  {x = - \\frac{b}{2}} \\; \\QED  \`",
          },
          {
            "body": "$$\` \\begin{gather*} \\text{Let }  y = \\frac{x + a}{2x + b}
	\\\\ y\\left( 2x + b \\right) = x + a
	\\\\ 2yx + yb = x + a
	\\\\ 2yx - x = a - yb
	\\\\ x\\left( 2y - 1 \\right) = a - yb
	\\\\ x = \\frac{a - yb}{2y - 1} \\\\ f^{-1}(x) = \\frac{a - xb}{2x - 1}
\\end{gather*} \`$$\` \\begin{align*} f(x) &= f^{-1}(x) \\\\ \\frac{x + a}{2x + b} &= \\frac{a - xb}{2x - 1}
\\end{align*} \`

Since this is valid for all $\` x \`
in the domain of $\` f, \`
by comparing,

$$\`  b = -1 \\QED  \`

Substituting this into $\` f(x): \`

$$\`  f(x) = \\frac{x + a}{2x - 1} \`

We observe that if $\`  {a = - \\frac{1}{2},} \`
then $\`  {f(x) = \\frac{x - \\frac{1}{2}}{2x - 1} = \\frac{1}{2}} \`
which is not a one-to-one function and does not have an inverse.

Hence $\` a \`
can take all real values except $\` - \\frac{1}{2} \`

$$\`  a \\in \\mathbb{R}, a \\neq - \\frac{1}{2} \\QED  \`",
          },
          {
            "body": "$$\` \\begin{align*} f^{-1}\\left(- 4\\right) &= f\\left(- 4\\right)
	\\\\ &= \\frac{- 4 + a}{2\\left( - 4 \\right) - 1}
	\\\\ &= - \\frac{- 4 + a}{9}
	\\\\ &= \\frac{4 - a}{9} \\; \\QED
\\end{align*} \`",
          },
        ],
      },
    ],
  },
}
`;
