// Vitest Snapshot v1, https://vitest.dev/guide/snapshot.html

exports[`2012p1q7 1`] = `
{
  "parts": [
    {
      "body": "[Show](#soln-1).",
    },
    {
      "body": "[Sketch](#soln-2).",
    },
    {
      "body": "Line of symmetry: $\`  {y=x.} \`

Translate the curve $\`  {y = \\frac{1}{x}} \`
by $\` 1 \`
unit in the positive $\`  x\\text{-axis} \`
direction.
\\
Scale the resulting curve by a factor of $\` 1 + k \`
parallel to the $\`  y\\text{-axis}. \`
\\
Translate the resulting curve by $\` 1 \`
unit in the positive $\`  y\\text{-axis} \`
direction.",
    },
  ],
}
`;
