// Vitest Snapshot v1, https://vitest.dev/guide/snapshot.html

exports[`2023p1q7 1`] = `
Answer {
  "answer": {
    "parts": [
      {
        "body": "[Sketch](#soln-1).",
      },
      {
        "body": "$\` R_f = \\left[ 0, \\infty \\right). \`",
      },
      {
        "body": "$\` f^2 \`
does not exist as $\`  {R_{f} \\not  \\subseteq D_{f}.} \`",
      },
      {
        "body": "Greatest value of $\`  {a = - 2.} \`",
      },
      {
        "body": "$\`  f^{-1}(x) = \\frac{3x + 4}{x - 2}. \`
\\
$\`  D_{f^{-1}} = R_f = \\left[ 0, 2 \\right). \`",
      },
    ],
  },
  "solution": {
    "parts": [
      {
        "body": "$\`  R_f = \\left[ 0, \\infty \\right) \`",
      },
      {
        "body": "$$\` \\begin{align*}
R_{f} &= \\left[ 0, \\infty \\right) \\\\
D_{f} &= \\left( -\\infty, 3 \\right) \\cup \\left( 3, \\infty \\right)
\\end{align*} \`

Since $\`  R_{f} \\not  \\subseteq D_{f}, \`
the composite function $\` f^2 \`
does not exist $\` \\blacksquare  \`
",
      },
      {
        "body": "Greatest value of $\`  {a = - 2} \`",
      },
      {
        "body": "$$\`  \\text{Let } y = \\left| \\frac{2x + 4}{3 - x} \\right| \`

Since $\`  {\\frac{2x + 4}{3 - x} < 0} \`
for
$\` {x \\leq -2,} \`

$$\` \\begin{gather*}  y = - \\frac{2x + 4}{3 - x}
	\\\\ y\\left( 3 - x \\right) = - 2x - 4
	\\\\ 3y - yx = - 2x - 4
	\\\\ yx - 2x = 3y + 4
	\\\\ x\\left( y - 2 \\right) = 3y + 4
	\\\\ x = \\frac{3y + 4}{y - 2}
\\end{gather*} \`

$$\`  f^{-1}(x) = \\frac{3x + 4}{x - 2} \\; \\blacksquare  \`

$$\` \\begin{align*} D_{f^{-1}} &= R_{f} \\\\ &= \\left[ 0, 2 \\right) \\; \\blacksquare
\\end{align*} \`",
      },
    ],
  },
}
`;
